15:33:55 **** Incremental Build of configuration Debug for project BT1_LL_LIB ****
make -j8 all 
arm-none-eabi-gcc "../Core/Src/main.c" -mcpu=cortex-m4 -std=gnu11 -g3 -DDEBUG -DSTM32F411xE -DUSE_FULL_LL_DRIVER -DHSE_VALUE=25000000 -DHSE_STARTUP_TIMEOUT=100 -DLSE_STARTUP_TIMEOUT=5000 -DLSE_VALUE=32768 -DEXTERNAL_CLOCK_VALUE=12288000 -DHSI_VALUE=16000000 -DLSI_VALUE=32000 -DVDD_VALUE=3300 -DPREFETCH_ENABLE=1 -DINSTRUCTION_CACHE_ENABLE=1 -DDATA_CACHE_ENABLE=1 -c -I../Core/Inc -I../Drivers/STM32F4xx_HAL_Driver/Inc -I../Drivers/CMSIS/Device/ST/STM32F4xx/Include -I../Drivers/CMSIS/Include -O0 -ffunction-sections -fdata-sections -Wall -fstack-usage -fcyclomatic-complexity -MMD -MP -MF"Core/Src/main.d" -MT"Core/Src/main.o" --specs=nano.specs -mfpu=fpv4-sp-d16 -mfloat-abi=hard -mthumb -o "Core/Src/main.o"
arm-none-eabi-gcc -o "BT1_LL_LIB.elf" @"objects.list"   -mcpu=cortex-m4 -T"E:\232_Embedded_System_Programming\BT1\LL_LIB\STM32F411VETX_FLASH.ld" --specs=nosys.specs -Wl,-Map="BT1_LL_LIB.map" -Wl,--gc-sections -static --specs=nano.specs -mfpu=fpv4-sp-d16 -mfloat-abi=hard -mthumb -Wl,--start-group -lc -lm -Wl,--end-group
Finished building target: BT1_LL_LIB.elf
 
arm-none-eabi-size  BT1_LL_LIB.elf 
arm-none-eabi-objdump -h -S BT1_LL_LIB.elf  > "BT1_LL_LIB.list"
   text	   data	    bss	    dec	    hex	filename
   3140	     12	   1564	   4716	   126c	BT1_LL_LIB.elf
Finished building: default.size.stdout
 
Finished building: BT1_LL_LIB.list
 

15:33:56 Build Finished. 0 errors, 0 warnings. (took 1s.423ms)

