15:52:05 **** Incremental Build of configuration Debug for project BT1_CMSIS_LIB ****
make -j8 all 
arm-none-eabi-gcc "../Src/main.c" -mcpu=cortex-m4 -std=gnu11 -g3 -DDEBUG -DSTM32F411VETx -DSTM32 -DSTM32F4 -c -I../Inc -I"E:/232_Embedded_System_Programming/BT1/CMSIS_LIB/Drivers/CMSIS/Include" -I"E:/232_Embedded_System_Programming/BT1/CMSIS_LIB/Drivers/CMSIS/Device/ST/STM32F4xx/Include" -O0 -ffunction-sections -fdata-sections -Wall -fstack-usage -fcyclomatic-complexity -MMD -MP -MF"Src/main.d" -MT"Src/main.o" --specs=nano.specs -mfpu=fpv4-sp-d16 -mfloat-abi=hard -mthumb -o "Src/main.o"
arm-none-eabi-gcc -o "BT1_CMSIS_LIB.elf" @"objects.list"   -mcpu=cortex-m4 -T"E:\232_Embedded_System_Programming\BT1\CMSIS_LIB\STM32F411VETX_FLASH.ld" --specs=nosys.specs -Wl,-Map="BT1_CMSIS_LIB.map" -Wl,--gc-sections -static --specs=nano.specs -mfpu=fpv4-sp-d16 -mfloat-abi=hard -mthumb -Wl,--start-group -lc -lm -Wl,--end-group
Finished building target: BT1_CMSIS_LIB.elf
 
arm-none-eabi-size  BT1_CMSIS_LIB.elf 
arm-none-eabi-objdump -h -S BT1_CMSIS_LIB.elf  > "BT1_CMSIS_LIB.list"
   text	   data	    bss	    dec	    hex	filename
   1140	     12	   1572	   2724	    aa4	BT1_CMSIS_LIB.elf
Finished building: default.size.stdout
 
Finished building: BT1_CMSIS_LIB.list
 
15:52:13 **** Incremental Build of configuration Debug for project BT1_CMSIS_LIB ****
make -j8 all 
arm-none-eabi-size  BT1_CMSIS_LIB.elf 
   text	   data	    bss	    dec	    hex	filename
   1140	     12	   1572	   2724	    aa4	BT1_CMSIS_LIB.elf
Finished building: default.size.stdout
 
